// Jest Snapshot v1, https://goo.gl/fbAQLP

exports[`Product view Renders correctly 1`] = `
<div>
  <main
    class="h-screen flex items-center justify-center bg-grey-whisper"
  >
    <div>
      <div
        class="font-syne flex justify-center text-4xl md:text-5xl xl:text-6xl"
      >
        <h1>
          <span>
            Famous
          </span>
           
          <span
            class="font-bold"
          >
            Roasters
          </span>
        </h1>
      </div>
      <div
        class="text-center"
      >
        Product page (product id = 
        )
      </div>
    </div>
  </main>
</div>
`;
