// Jest Snapshot v1, https://goo.gl/fbAQLP

exports[`Home view Renders correctly 1`] = `
<div>
  <div
    class="min-h-screen flex flex-col text-brand-black"
  >
    <div
      class="bg-white z-10"
    >
      <header
        class="relative bg-white"
      >
        <nav
          aria-label="Top"
          class="max-w-7xl mx-auto px-4 md:px-6 xl:px-8"
        >
          <div
            class="h-16 mt-0.5 flex items-center justify-between border-b border-brand-grey-whisper"
          >
            <div
              class="flex-1 flex items-center xl:hidden"
            >
              <button
                class="-ml-2 bg-white p-2 rounded-md text-gray-400"
                data-testid="button-open"
                type="button"
              >
                <span
                  class="sr-only"
                >
                  Open menu
                </span>
                <svg
                  aria-hidden="true"
                  class="h-6 w-6"
                  fill="none"
                  stroke="currentColor"
                  stroke-width="2"
                  viewBox="0 0 24 24"
                  xmlns="http://www.w3.org/2000/svg"
                >
                  <path
                    d="M4 6h16M4 12h16M4 18h16"
                    stroke-linecap="round"
                    stroke-linejoin="round"
                  />
                </svg>
              </button>
            </div>
            <div
              class="hidden xl:flex-1 xl:block xl:self-stretch"
            >
              <div
                class="h-full flex space-x-8"
              >
                <a
                  class="flex items-center text-gray-700 hover:text-gray-800"
                  href="/taste-finder"
                >
                  <span
                    class="uppercase text-sm leading-5"
                  >
                    Tastefinder
                  </span>
                </a>
              </div>
            </div>
            <a
              class="flex h-full items-center pl-2 pr-2"
              href="//www.60beans.de"
            >
              <span
                class="sr-only"
              >
                60beans
              </span>
              <img
                alt="60beans"
                class="h-6"
                src="60beans-black.svg"
              />
            </a>
            <div
              class="flex-1 flow-root flex h-full items-center"
            >
              <div
                class="flex-1 flex h-full items-center justify-end xl:flex-none"
              >
                <div
                  class="hidden h-full xl:flex space-x-8 justify-end"
                >
                  <a
                    class="flex items-center text-gray-700 hover:text-gray-800"
                    href="//www.60beans.de/uber-uns"
                  >
                    <span
                      class="uppercase text-sm leading-5"
                    >
                      Über uns
                    </span>
                  </a>
                </div>
                <div
                  class="ml-4 flow-root xl:ml-6"
                >
                  <button
                    class="inline-flex items-center rounded-full border-2 px-3 py-2 text-sm font-semibold text-white bg-brand-black border-transparent hover:bg-coreUI-text-secondary active:bg-brand-black"
                    data-testid="button-shop"
                    role="button"
                  >
                    Shop
                  </button>
                </div>
              </div>
            </div>
          </div>
        </nav>
      </header>
    </div>
    <main
      class="flex-grow flex items-center justify-center bg-brand-grey-whisper"
    >
      <div>
        <img
          alt="60beans"
          class="h-16"
          src="60beans-black.svg"
        />
        <div
          class="text-center text-lg leading-7"
        >
          Home
        </div>
      </div>
    </main>
    <footer
      class="bg-brand-black text-base text-white py-10 z-30"
    >
      <div
        class="w-full max-w-7xl mx-auto mb-10 flex flex-col md:flex-row md:items-center justify-start mx-auto px-8 xl:px-10"
      >
        <div
          class="mb-2 md:mb-0 md:mr-2"
        >
          <svg
            fill="none"
            height="157"
            viewBox="0 0 400 400"
            width="157"
            xmlns="http://www.w3.org/2000/svg"
          >
            <circle
              cx="200"
              cy="200"
              fill="#D4FF81"
              r="200"
            />
            <path
              clip-rule="evenodd"
              d="M266 225.882C266 267.294 243.14 288 214.739 288C196.728 288 183.336 279.488 177.332 266.604V285.239H136V112H177.332V182.86C184.259 171.357 196.728 161.694 214.97 161.694C243.14 161.694 266 182.86 266 224.042V225.882ZM231.006 225.964C231.006 240.559 219.132 252.391 204.483 252.391C189.835 252.391 177.96 240.559 177.96 225.964C177.96 211.369 189.835 199.538 204.483 199.538C219.132 199.538 231.006 211.369 231.006 225.964ZM251 156C263.15 156 273 146.15 273 134C273 121.85 263.15 112 251 112C238.85 112 229 121.85 229 134C229 146.15 238.85 156 251 156Z"
              fill="#212121"
              fill-rule="evenodd"
            />
          </svg>
        </div>
        <div
          class="px-4 text-5xl leading-none"
        >
          Guten Kaffee besser finden.
        </div>
      </div>
      <div
        class="w-full max-w-7xl mx-auto grid gap-2 gap-y-10 grid-cols-1 md:grid-cols-2 mx-auto px-12 xl:px-14"
      >
        <div
          class="order-2 md:order-1"
        >
          <ul>
            <li
              class="mt-0"
            >
              <a
                href="/catalogue"
              >
                Shop
              </a>
            </li>
            <li
              class="mt-6"
            >
              <a
                href="/taste-finder"
              >
                Tastefinder
              </a>
            </li>
            <li
              class="mt-6"
            >
              <a
                href="//www.60beans.de/uber-uns"
              >
                Über uns
              </a>
            </li>
            <li
              class="mt-6"
            >
              <a
                href="//www.notion.so/Datenschutzhinweise-ad5b45261a964166a74883d2770e28ea"
              >
                Datenschutz-Bestimmungen
              </a>
            </li>
            <li
              class="mt-6"
            >
              <a
                href="//slender-petunia-c3c.notion.site/Imprint-33b18fd9e469471ab768eef8155da968"
              >
                Impressum
              </a>
            </li>
          </ul>
        </div>
        <div
          class="order-1 md:order-2"
        >
          <div>
            <div>
              <span
                class="font-syne text-3xl leading-10 font-semibold tracking-tight"
              >
                Kundensupport
              </span>
            </div>
            <div
              class="mt-6"
            >
              <span
                class="text-lg leading-7"
              >
                Fragen? Kommentare? Bedenken? Oder möchtest du uns einfach ein paar schöne Worte senden? Bitte klicke einfach unten rechts auf die Sprechblasen. Unser Team steht dir dort gerne zur Verfügung.
              </span>
            </div>
          </div>
        </div>
      </div>
      <div
        class="w-full max-w-7xl mx-auto text-center mt-10 mx-auto px-12 xl:px-14"
      >
        <span
          class="text-center text-base leading-6"
        >
          © 2022 60beans. Alle Rechte vorbehalten.
        </span>
        <br />
        <span
          class="text-center text-base leading-6"
        >
          Hergestellt mit ❤️ in Berlin.
        </span>
      </div>
    </footer>
  </div>
</div>
`;
