// Jest Snapshot v1, https://goo.gl/fbAQLP

exports[`Taste Finder view Renders correctly 1`] = `
<div>
  <div
    class="min-h-screen flex flex-col text-brand-black"
  >
    <div
      class="bg-white z-10"
    >
      <header
        class="relative bg-white"
      >
        <nav
          aria-label="Top"
          class="max-w-7xl mx-auto px-4 md:px-6 xl:px-8"
        >
          <div
            class="h-16 mt-0.5 flex items-center justify-between border-b border-brand-grey-whisper"
          >
            <div
              class="flex-1 flex items-center xl:hidden"
            >
              <button
                class="-ml-2 bg-white p-2 rounded-md text-gray-400"
                data-testid="button-open"
                type="button"
              >
                <span
                  class="sr-only"
                >
                  Open menu
                </span>
                <svg
                  aria-hidden="true"
                  class="h-6 w-6"
                  fill="none"
                  stroke="currentColor"
                  stroke-width="2"
                  viewBox="0 0 24 24"
                  xmlns="http://www.w3.org/2000/svg"
                >
                  <path
                    d="M4 6h16M4 12h16M4 18h16"
                    stroke-linecap="round"
                    stroke-linejoin="round"
                  />
                </svg>
              </button>
            </div>
            <div
              class="hidden xl:flex-1 xl:block xl:self-stretch"
            >
              <div
                class="h-full flex space-x-8"
              >
                <a
                  class="flex items-center text-gray-700 hover:text-gray-800"
                  href="/taste-finder"
                >
                  <span
                    class="uppercase text-sm leading-5"
                  >
                    Tastefinder
                  </span>
                </a>
              </div>
            </div>
            <a
              class="flex h-full items-center pl-2 pr-2"
              href="//www.60beans.de"
            >
              <span
                class="sr-only"
              >
                60beans
              </span>
              <img
                alt="60beans"
                class="h-6"
                src="60beans-black.svg"
              />
            </a>
            <div
              class="flex-1 flow-root flex h-full items-center"
            >
              <div
                class="flex-1 flex h-full items-center justify-end xl:flex-none"
              >
                <div
                  class="hidden h-full xl:flex space-x-8 justify-end"
                >
                  <a
                    class="flex items-center text-gray-700 hover:text-gray-800"
                    href="//www.60beans.de/uber-uns"
                  >
                    <span
                      class="uppercase text-sm leading-5"
                    >
                      Über uns
                    </span>
                  </a>
                </div>
                <a
                  class="hidden xl:block ml-4"
                  href="/profile"
                >
                  <svg
                    class="undefined fill-brand-black stroke-brand-black"
                    fill="inherit"
                    height="24"
                    viewBox="0 0 33 31"
                    width="24"
                  >
                    <path
                      clip-rule="evenodd"
                      d="M16.3,1.1C8.2,1.1,1.6,7.6,1.6,15.5S8.2,30,16.3,30c8.1,0,14.8-6.5,14.8-14.5S24.4,1.1,16.3,1.1z M16.2,8.9 c2.1,0,3.8,1.7,3.8,3.8c0,2-1.8,3.8-3.8,3.8c-2.1,0-3.9-1.7-3.9-3.8C12.4,10.6,14.1,8.9,16.2,8.9z M16.3,18.5c3.9,0,7.5,2.4,8.9,6.1 c-2.5,2.3-5.5,3.5-8.9,3.5c-3.4,0-6.5-1.2-8.9-3.5C8.8,20.9,12.3,18.5,16.3,18.5z M22.1,12.7c0-3.2-2.6-5.7-5.8-5.7 s-5.9,2.6-5.9,5.7c0,1.7,0.8,3.4,2.2,4.4c-2.9,1-5.3,3-6.6,5.8c-1.5-2-2.4-4.5-2.5-7.3v-0.1C3.5,8.6,9.2,3,16.2,3S29,8.6,29,15.5 c0,2.7-0.9,5.2-2.5,7.3c-1.3-2.7-3.7-4.8-6.6-5.8C21.3,16,22.1,14.5,22.1,12.7z"
                      fill="inherit"
                      fill-rule="evenodd"
                      stroke="none"
                      stroke-width="none"
                    />
                  </svg>
                </a>
                <div
                  class="ml-4 flow-root xl:ml-6"
                >
                  <button
                    class="relative inline-flex flex-row items-center rounded-full border-2 px-3 py-2 text-sm font-semibold text-white bg-brand-black border-transparent hover:bg-coreUI-text-secondary active:bg-brand-black"
                    data-testid="button-shop"
                    role="button"
                  >
                    Shop
                  </button>
                </div>
              </div>
            </div>
          </div>
        </nav>
      </header>
    </div>
    <main
      class="flex flex-col"
      style="min-height: calc(100vh - 66px);"
    >
      <div
        class="flex flex-col md:grid md:grid-cols-3 md:grid-rows-1"
        style="height: calc(100vh - 66px);"
      >
        <div
          class="flex items-center justify-center py-24 mt-4 relative md:justify-start md:order-2 md:py-8 md:mt-0"
        >
          <img
            alt="Tastefinder"
            class="absolute top-16 max-h-64 md:top-auto md:max-h-96 md:-left-16 xl:max-h-96 xl:-left-32"
            src="welcome.webp"
          />
        </div>
        <div
          class="grid items-center justify-center pt-10 pb-44 bg-brand-black text-white md:order-1 md:py-8 md:grid-cols-10 md:col-span-2 xl:grid-cols-5"
        >
          <div
            class="flex flex-col col-items-center md:col-start-2 md:col-end-7 md:order-1 xl:col-start-2 xl:col-end-4"
          >
            <h1
              class="flex w-80 mt-32 font-syne md:mt-0 text-3xl leading-10 font-semibold tracking-tight"
            >
              Finde jetzt deinen Specialty Coffee mit dem Tastefinder.
            </h1>
            <div
              class="flex w-80 mt-4"
            >
              <svg
                aria-hidden="true"
                class="w-12 h-6 mr-4"
                fill="currentColor"
                viewBox="0 0 20 20"
                xmlns="http://www.w3.org/2000/svg"
              >
                <path
                  clip-rule="evenodd"
                  d="M12.293 5.293a1 1 0 011.414 0l4 4a1 1 0 010 1.414l-4 4a1 1 0 01-1.414-1.414L14.586 11H3a1 1 0 110-2h11.586l-2.293-2.293a1 1 0 010-1.414z"
                  fill-rule="evenodd"
                />
              </svg>
              <p
                class="text-base leading-6"
              >
                Finde deinen persönlichen Kaffeetyp und erhalte Empfehlungen, die zu deinem Geschmack passen.
              </p>
            </div>
            <div
              class="flex w-80 mt-8 xl:mt-24"
            >
              <button
                class="flex w-full justify-center relative inline-flex flex-row items-center rounded-full border-2 px-4 py-2 text-base font-bold disabled:bg-brand-grey-whisper disabled:text-coreUI-text-secondary disabled:cursor-not-allowed text-brand-black bg-primary border-transparent hover:bg-brand-green-starship active:bg-primary"
                data-testid="button-start"
                role="button"
                type="button"
              >
                Tastefinder starten
              </button>
            </div>
          </div>
        </div>
      </div>
    </main>
  </div>
</div>
`;
