// Jest Snapshot v1, https://goo.gl/fbAQLP

exports[`Disclosure component Renders correctly 1`] = `
<div>
  <div
    class="mx-auto w-full py-4"
  >
    <button
      aria-expanded="false"
      class="flex w-full justify-between py-2 text-left"
      data-testid="button-disclosure-toggle"
      id="headlessui-disclosure-button-1"
      type="button"
    >
      <span>
        Toggle me
      </span>
      <svg
        aria-hidden="true"
        class="w-6 h-6"
        fill="none"
        stroke="currentColor"
        stroke-width="2"
        viewBox="0 0 24 24"
        xmlns="http://www.w3.org/2000/svg"
      >
        <path
          d="M12 4v16m8-8H4"
          stroke-linecap="round"
          stroke-linejoin="round"
        />
      </svg>
    </button>
  </div>
</div>
`;
