// Jest Snapshot v1, https://goo.gl/fbAQLP

exports[`Tabs Navigation component Renders correctly 1`] = `
<div>
  <div
    class="flex"
    role="tablist"
  >
    <a
      class="mr-6"
      data-testid="tab-forYou"
      href="/catalogue/forYou"
      role="tab"
    >
      <span
        class="text-coreUI-text-secondary hover:text-coreUI-text-primary pb-1.5 text-sm leading-5"
      >
        Für Dich
      </span>
    </a>
    <a
      class="mr-6"
      data-testid="tab-discover"
      href="/catalogue/discover"
      role="tab"
    >
      <span
        class="text-coreUI-text-secondary hover:text-coreUI-text-primary pb-1.5 text-sm leading-5"
      >
        Entdecken
      </span>
    </a>
  </div>
</div>
`;
