// Jest Snapshot v1, https://goo.gl/fbAQLP

exports[`Find similar partial view Renders correctly for a successful call 1`] = `
<div>
  <div
    class="grid gap-2 grid-cols-1 md:grid-cols-2 xl:grid-cols-3"
  >
    <a
      href="/product/7655228866776"
    >
      <div
        class="flex p-6"
      >
        <div
          class="shrink-0"
        >
          <img
            alt="Espresso Raritäten Set"
            class="w-32"
            src="https://cdn.shopify.com/s/files/1/0632/7251/7848/products/ezgif-4-d921ab2e2b.png?v=1649246153"
          />
        </div>
        <div
          class="flex flex-col justify-between p-2"
        >
          <div
            class="text-sm leading-5 font-semibold"
          >
            Espresso Raritäten Set
          </div>
          <div
            class="text-coreUI-text-secondary text-sm leading-5"
          >
            WeBean
          </div>
          <div
            class="text-coreUI-text-secondary text-sm leading-5"
          >
            Kolumbien
          </div>
          <div
            class="text-coreUI-text-secondary text-sm leading-5"
          >
            Filter
          </div>
          <div>
            <span
              class="mr-1 text-base leading-6 font-semibold"
            >
              19,99 €
            </span>
            <span
              class="text-coreUI-text-secondary text-xs leading-4"
            >
              (
              10,00 €
              /kg)
            </span>
          </div>
        </div>
      </div>
    </a>
    <a
      href="/product/7655228866776"
    >
      <div
        class="flex p-6"
      >
        <div
          class="shrink-0"
        >
          <img
            alt="Espresso Raritäten Set"
            class="w-32"
            src="https://cdn.shopify.com/s/files/1/0632/7251/7848/products/ezgif-4-d921ab2e2b.png?v=1649246153"
          />
        </div>
        <div
          class="flex flex-col justify-between p-2"
        >
          <div
            class="text-sm leading-5 font-semibold"
          >
            Espresso Raritäten Set
          </div>
          <div
            class="text-coreUI-text-secondary text-sm leading-5"
          >
            WeBean
          </div>
          <div
            class="text-coreUI-text-secondary text-sm leading-5"
          >
            Kolumbien
          </div>
          <div
            class="text-coreUI-text-secondary text-sm leading-5"
          >
            Filter
          </div>
          <div>
            <span
              class="mr-1 text-base leading-6 font-semibold"
            >
              19,99 €
            </span>
            <span
              class="text-coreUI-text-secondary text-xs leading-4"
            >
              (
              10,00 €
              /kg)
            </span>
          </div>
        </div>
      </div>
    </a>
    <a
      href="/product/7655228866776"
    >
      <div
        class="flex p-6"
      >
        <div
          class="shrink-0"
        >
          <img
            alt="Espresso Raritäten Set"
            class="w-32"
            src="https://cdn.shopify.com/s/files/1/0632/7251/7848/products/ezgif-4-d921ab2e2b.png?v=1649246153"
          />
        </div>
        <div
          class="flex flex-col justify-between p-2"
        >
          <div
            class="text-sm leading-5 font-semibold"
          >
            Espresso Raritäten Set
          </div>
          <div
            class="text-coreUI-text-secondary text-sm leading-5"
          >
            WeBean
          </div>
          <div
            class="text-coreUI-text-secondary text-sm leading-5"
          >
            Kolumbien
          </div>
          <div
            class="text-coreUI-text-secondary text-sm leading-5"
          >
            Filter
          </div>
          <div>
            <span
              class="mr-1 text-base leading-6 font-semibold"
            >
              19,99 €
            </span>
            <span
              class="text-coreUI-text-secondary text-xs leading-4"
            >
              (
              10,00 €
              /kg)
            </span>
          </div>
        </div>
      </div>
    </a>
    <a
      href="/product/7655228866776"
    >
      <div
        class="flex p-6"
      >
        <div
          class="shrink-0"
        >
          <img
            alt="Espresso Raritäten Set"
            class="w-32"
            src="https://cdn.shopify.com/s/files/1/0632/7251/7848/products/ezgif-4-d921ab2e2b.png?v=1649246153"
          />
        </div>
        <div
          class="flex flex-col justify-between p-2"
        >
          <div
            class="text-sm leading-5 font-semibold"
          >
            Espresso Raritäten Set
          </div>
          <div
            class="text-coreUI-text-secondary text-sm leading-5"
          >
            WeBean
          </div>
          <div
            class="text-coreUI-text-secondary text-sm leading-5"
          >
            Kolumbien
          </div>
          <div
            class="text-coreUI-text-secondary text-sm leading-5"
          >
            Filter
          </div>
          <div>
            <span
              class="mr-1 text-base leading-6 font-semibold"
            >
              19,99 €
            </span>
            <span
              class="text-coreUI-text-secondary text-xs leading-4"
            >
              (
              10,00 €
              /kg)
            </span>
          </div>
        </div>
      </div>
    </a>
    <a
      href="/product/7655228866776"
    >
      <div
        class="flex p-6"
      >
        <div
          class="shrink-0"
        >
          <img
            alt="Espresso Raritäten Set"
            class="w-32"
            src="https://cdn.shopify.com/s/files/1/0632/7251/7848/products/ezgif-4-d921ab2e2b.png?v=1649246153"
          />
        </div>
        <div
          class="flex flex-col justify-between p-2"
        >
          <div
            class="text-sm leading-5 font-semibold"
          >
            Espresso Raritäten Set
          </div>
          <div
            class="text-coreUI-text-secondary text-sm leading-5"
          >
            WeBean
          </div>
          <div
            class="text-coreUI-text-secondary text-sm leading-5"
          >
            Kolumbien
          </div>
          <div
            class="text-coreUI-text-secondary text-sm leading-5"
          >
            Filter
          </div>
          <div>
            <span
              class="mr-1 text-base leading-6 font-semibold"
            >
              19,99 €
            </span>
            <span
              class="text-coreUI-text-secondary text-xs leading-4"
            >
              (
              10,00 €
              /kg)
            </span>
          </div>
        </div>
      </div>
    </a>
    <a
      href="/product/7655228866776"
    >
      <div
        class="flex p-6"
      >
        <div
          class="shrink-0"
        >
          <img
            alt="Espresso Raritäten Set"
            class="w-32"
            src="https://cdn.shopify.com/s/files/1/0632/7251/7848/products/ezgif-4-d921ab2e2b.png?v=1649246153"
          />
        </div>
        <div
          class="flex flex-col justify-between p-2"
        >
          <div
            class="text-sm leading-5 font-semibold"
          >
            Espresso Raritäten Set
          </div>
          <div
            class="text-coreUI-text-secondary text-sm leading-5"
          >
            WeBean
          </div>
          <div
            class="text-coreUI-text-secondary text-sm leading-5"
          >
            Kolumbien
          </div>
          <div
            class="text-coreUI-text-secondary text-sm leading-5"
          >
            Filter
          </div>
          <div>
            <span
              class="mr-1 text-base leading-6 font-semibold"
            >
              19,99 €
            </span>
            <span
              class="text-coreUI-text-secondary text-xs leading-4"
            >
              (
              10,00 €
              /kg)
            </span>
          </div>
        </div>
      </div>
    </a>
    <a
      href="/product/7655228866776"
    >
      <div
        class="flex p-6"
      >
        <div
          class="shrink-0"
        >
          <img
            alt="Espresso Raritäten Set"
            class="w-32"
            src="https://cdn.shopify.com/s/files/1/0632/7251/7848/products/ezgif-4-d921ab2e2b.png?v=1649246153"
          />
        </div>
        <div
          class="flex flex-col justify-between p-2"
        >
          <div
            class="text-sm leading-5 font-semibold"
          >
            Espresso Raritäten Set
          </div>
          <div
            class="text-coreUI-text-secondary text-sm leading-5"
          >
            WeBean
          </div>
          <div
            class="text-coreUI-text-secondary text-sm leading-5"
          >
            Kolumbien
          </div>
          <div
            class="text-coreUI-text-secondary text-sm leading-5"
          >
            Filter
          </div>
          <div>
            <span
              class="mr-1 text-base leading-6 font-semibold"
            >
              19,99 €
            </span>
            <span
              class="text-coreUI-text-secondary text-xs leading-4"
            >
              (
              10,00 €
              /kg)
            </span>
          </div>
        </div>
      </div>
    </a>
    <a
      href="/product/7655228866776"
    >
      <div
        class="flex p-6"
      >
        <div
          class="shrink-0"
        >
          <img
            alt="Espresso Raritäten Set"
            class="w-32"
            src="https://cdn.shopify.com/s/files/1/0632/7251/7848/products/ezgif-4-d921ab2e2b.png?v=1649246153"
          />
        </div>
        <div
          class="flex flex-col justify-between p-2"
        >
          <div
            class="text-sm leading-5 font-semibold"
          >
            Espresso Raritäten Set
          </div>
          <div
            class="text-coreUI-text-secondary text-sm leading-5"
          >
            WeBean
          </div>
          <div
            class="text-coreUI-text-secondary text-sm leading-5"
          >
            Kolumbien
          </div>
          <div
            class="text-coreUI-text-secondary text-sm leading-5"
          >
            Filter
          </div>
          <div>
            <span
              class="mr-1 text-base leading-6 font-semibold"
            >
              19,99 €
            </span>
            <span
              class="text-coreUI-text-secondary text-xs leading-4"
            >
              (
              10,00 €
              /kg)
            </span>
          </div>
        </div>
      </div>
    </a>
    <a
      href="/product/7655228866776"
    >
      <div
        class="flex p-6"
      >
        <div
          class="shrink-0"
        >
          <img
            alt="Espresso Raritäten Set"
            class="w-32"
            src="https://cdn.shopify.com/s/files/1/0632/7251/7848/products/ezgif-4-d921ab2e2b.png?v=1649246153"
          />
        </div>
        <div
          class="flex flex-col justify-between p-2"
        >
          <div
            class="text-sm leading-5 font-semibold"
          >
            Espresso Raritäten Set
          </div>
          <div
            class="text-coreUI-text-secondary text-sm leading-5"
          >
            WeBean
          </div>
          <div
            class="text-coreUI-text-secondary text-sm leading-5"
          >
            Kolumbien
          </div>
          <div
            class="text-coreUI-text-secondary text-sm leading-5"
          >
            Filter
          </div>
          <div>
            <span
              class="mr-1 text-base leading-6 font-semibold"
            >
              19,99 €
            </span>
            <span
              class="text-coreUI-text-secondary text-xs leading-4"
            >
              (
              10,00 €
              /kg)
            </span>
          </div>
        </div>
      </div>
    </a>
    <a
      href="/product/7655228866776"
    >
      <div
        class="flex p-6"
      >
        <div
          class="shrink-0"
        >
          <img
            alt="Espresso Raritäten Set"
            class="w-32"
            src="https://cdn.shopify.com/s/files/1/0632/7251/7848/products/ezgif-4-d921ab2e2b.png?v=1649246153"
          />
        </div>
        <div
          class="flex flex-col justify-between p-2"
        >
          <div
            class="text-sm leading-5 font-semibold"
          >
            Espresso Raritäten Set
          </div>
          <div
            class="text-coreUI-text-secondary text-sm leading-5"
          >
            WeBean
          </div>
          <div
            class="text-coreUI-text-secondary text-sm leading-5"
          >
            Kolumbien
          </div>
          <div
            class="text-coreUI-text-secondary text-sm leading-5"
          >
            Filter
          </div>
          <div>
            <span
              class="mr-1 text-base leading-6 font-semibold"
            >
              19,99 €
            </span>
            <span
              class="text-coreUI-text-secondary text-xs leading-4"
            >
              (
              10,00 €
              /kg)
            </span>
          </div>
        </div>
      </div>
    </a>
    <a
      href="/product/7655228866776"
    >
      <div
        class="flex p-6"
      >
        <div
          class="shrink-0"
        >
          <img
            alt="Espresso Raritäten Set"
            class="w-32"
            src="https://cdn.shopify.com/s/files/1/0632/7251/7848/products/ezgif-4-d921ab2e2b.png?v=1649246153"
          />
        </div>
        <div
          class="flex flex-col justify-between p-2"
        >
          <div
            class="text-sm leading-5 font-semibold"
          >
            Espresso Raritäten Set
          </div>
          <div
            class="text-coreUI-text-secondary text-sm leading-5"
          >
            WeBean
          </div>
          <div
            class="text-coreUI-text-secondary text-sm leading-5"
          >
            Kolumbien
          </div>
          <div
            class="text-coreUI-text-secondary text-sm leading-5"
          >
            Filter
          </div>
          <div>
            <span
              class="mr-1 text-base leading-6 font-semibold"
            >
              19,99 €
            </span>
            <span
              class="text-coreUI-text-secondary text-xs leading-4"
            >
              (
              10,00 €
              /kg)
            </span>
          </div>
        </div>
      </div>
    </a>
    <a
      href="/product/7655228866776"
    >
      <div
        class="flex p-6"
      >
        <div
          class="shrink-0"
        >
          <img
            alt="Espresso Raritäten Set"
            class="w-32"
            src="https://cdn.shopify.com/s/files/1/0632/7251/7848/products/ezgif-4-d921ab2e2b.png?v=1649246153"
          />
        </div>
        <div
          class="flex flex-col justify-between p-2"
        >
          <div
            class="text-sm leading-5 font-semibold"
          >
            Espresso Raritäten Set
          </div>
          <div
            class="text-coreUI-text-secondary text-sm leading-5"
          >
            WeBean
          </div>
          <div
            class="text-coreUI-text-secondary text-sm leading-5"
          >
            Kolumbien
          </div>
          <div
            class="text-coreUI-text-secondary text-sm leading-5"
          >
            Filter
          </div>
          <div>
            <span
              class="mr-1 text-base leading-6 font-semibold"
            >
              19,99 €
            </span>
            <span
              class="text-coreUI-text-secondary text-xs leading-4"
            >
              (
              10,00 €
              /kg)
            </span>
          </div>
        </div>
      </div>
    </a>
  </div>
</div>
`;
