// Jest Snapshot v1, https://goo.gl/fbAQLP

exports[`Rating component Renders correctly 1`] = `
<div>
  <div
    class="border border-coreUI-text-secondary p-2"
  >
    <textarea
      class="w-full resize-none focus:ring-0 focus:outline-0"
      data-testid="component-textarea"
      id="sdasd"
      rows="5"
    >
      sasdad
    </textarea>
  </div>
</div>
`;
