// Jest Snapshot v1, https://goo.gl/fbAQLP

exports[`RateYourCoffee component Renders correctly 1`] = `
<div>
  <div
    class="flex md:hidden"
  >
    <button
      class="relative inline-flex flex-row items-center rounded-full border-2 px-3 py-2 text-xs font-semibold text-brand-black bg-white border-brand-black hover:border-coreUI-text-tertiary active:border-brand-black"
      data-testid="drawer-trigger"
      role="button"
    >
      Kaffee bewerten
    </button>
  </div>
  <div
    class="hidden md:flex"
  >
    <button
      class="relative inline-flex flex-row items-center rounded-full border-2 px-3 py-2 text-xs font-semibold text-brand-black bg-white border-brand-black hover:border-coreUI-text-tertiary active:border-brand-black"
      data-testid="dialog-trigger"
      role="button"
    >
      Kaffee bewerten
    </button>
  </div>
</div>
`;
