// Jest Snapshot v1, https://goo.gl/fbAQLP

exports[`Auth form button custom renderer on auth component Renders correctly 1`] = `
<div>
  <form
    name="testAuthFormButton"
  >
    <button
      class="flex w-full justify-center inline-flex items-center rounded-full border-2 px-4 py-2 text-md font-bold disabled:bg-brand-grey-whisper disabled:text-coreUI-text-secondary disabled:cursor-not-allowed text-brand-black bg-primary border-transparent hover:bg-brand-green-starship active:bg-primary"
      data-testid="submit"
      role="button"
      type="submit"
    >
      ctaText
    </button>
  </form>
</div>
`;
