// Jest Snapshot v1, https://goo.gl/fbAQLP

exports[`Filters Menu component Renders correctly 1`] = `
<div>
  <button
    class="inline-flex justify-between w-full px-4 py-2 text-left bg-white rounded-full border border-coreUI-text-tertiary cursor-default"
    data-testid="button-filters-menu"
  >
    <span
      class="block truncate text-sm leading-5"
    >
      Filter
    </span>
  </button>
</div>
`;
