// Jest Snapshot v1, https://goo.gl/fbAQLP

exports[`Filters Menu Mobile component Renders correctly 1`] = `
<div>
  <button
    class="inline-flex justify-between w-full px-4 py-2 text-left bg-white rounded-full border border-coreUI-text-tertiary cursor-default"
    data-testid="button-filters-menu-open"
  >
    <span
      class="block truncate text-sm leading-5"
    >
      Filter
    </span>
    <svg
      aria-hidden="true"
      class="-mr-1 ml-2 h-5 w-5"
      fill="currentColor"
      viewBox="0 0 20 20"
      xmlns="http://www.w3.org/2000/svg"
    >
      <path
        clip-rule="evenodd"
        d="M7.293 14.707a1 1 0 010-1.414L10.586 10 7.293 6.707a1 1 0 011.414-1.414l4 4a1 1 0 010 1.414l-4 4a1 1 0 01-1.414 0z"
        fill-rule="evenodd"
      />
    </svg>
  </button>
</div>
`;

exports[`Filters Menu Mobile component Renders correctly for an error call 1`] = `
<div>
  <div
    class="p-4 border border-coreUI-border bg-white"
  >
    <div
      class="text-center text-base leading-6"
    >
      Ein Fehler ist aufgetreten
    </div>
    <div
      class="mt-4 flex justify-center"
    >
      <button
        class="inline-flex items-center rounded-full border-2 px-4 py-2 text-base font-bold text-brand-black bg-primary border-transparent hover:bg-brand-green-starship active:bg-primary"
        data-testid="button-prompt"
        role="button"
      >
        Erneut versuchen
      </button>
    </div>
  </div>
</div>
`;
