// Jest Snapshot v1, https://goo.gl/fbAQLP

exports[`Filters Menu Mobile component Renders correctly 1`] = `
<div>
  <button
    class="inline-flex justify-between w-full px-4 py-2 text-left bg-white rounded-full border border-coreUI-text-tertiary cursor-default"
    data-testid="button-filters-menu-open"
  >
    <span
      class="block truncate text-base leading-6"
    >
      Filter
    </span>
    <svg
      aria-hidden="true"
      class="-mr-1 ml-2 h-5 w-5"
      fill="currentColor"
      viewBox="0 0 20 20"
      xmlns="http://www.w3.org/2000/svg"
    >
      <path
        clip-rule="evenodd"
        d="M7.293 14.707a1 1 0 010-1.414L10.586 10 7.293 6.707a1 1 0 011.414-1.414l4 4a1 1 0 010 1.414l-4 4a1 1 0 01-1.414 0z"
        fill-rule="evenodd"
      />
    </svg>
  </button>
</div>
`;

exports[`Filters Menu Mobile component Renders with spacing items correctly 1`] = `
<div>
  <button
    class="inline-flex justify-between w-full px-4 py-2 text-left bg-white rounded-full border border-coreUI-text-tertiary cursor-default"
    data-testid="button-filters-menu-open"
  >
    <span
      class="block truncate text-base leading-6"
    >
      Filter
    </span>
    <svg
      aria-hidden="true"
      class="-mr-1 ml-2 h-5 w-5"
      fill="currentColor"
      viewBox="0 0 20 20"
      xmlns="http://www.w3.org/2000/svg"
    >
      <path
        clip-rule="evenodd"
        d="M7.293 14.707a1 1 0 010-1.414L10.586 10 7.293 6.707a1 1 0 011.414-1.414l4 4a1 1 0 010 1.414l-4 4a1 1 0 01-1.414 0z"
        fill-rule="evenodd"
      />
    </svg>
  </button>
</div>
`;
