// Jest Snapshot v1, https://goo.gl/fbAQLP

exports[`Badge component Renders correctly 1`] = `
<div>
  <label
    class="relative"
  >
    <span
      class="absolute -top-6 left-3 px-2 bg-white"
    >
      <span
        class="text-sm leading-5 font-normal"
      >
        Name
      </span>
    </span>
    <input
      class="border rounded-full px-4 py-2"
    />
  </label>
</div>
`;
