// Jest Snapshot v1, https://goo.gl/fbAQLP

exports[`Acidity partial view Renders correctly 1`] = `
<div>
  <div
    class="flex-grow flex flex-col items-center justify-center bg-white"
  >
    <div
      class="p-6 md:w-5/6"
    >
      <h1
        class="flex md:text-2xl md:leading-8 xl:text-3xl xl:leading-10 text-xl leading-7 font-semibold"
      >
        Sonntagmorgen. Die Vögel zwitschern und die Sonne scheint. Du bereitest dir einen Obstsalat zu, aber ein Obst fehlt noch. Welches Obst darf in deinem Salat nicht fehlen?
      </h1>
      <div
        class="flex md:hidden"
      >
        <button
          data-testid="drawer-trigger"
        >
          <div
            class="flex mt-4"
          >
            <svg
              class="mr-2.5"
              height="20"
              viewBox="0 0 20 20"
              width="20"
            >
              <path
                clip-rule="evenodd"
                d="M10 18.8a8.8 8.8 0 1 1 0-17.6 8.8 8.8 0 0 1 0 17.6ZM0 10C0 4.477 4.477 0 10 0s10 4.477 10 10-4.477 10-10 10S0 15.523 0 10Zm8.706-.725v2.607h1.83v-1.35a4.686 4.686 0 0 0 1.749-.435 3.152 3.152 0 0 0 1.253-1.07c.308-.466.462-1.03.462-1.691 0-.476-.088-.916-.264-1.32a2.89 2.89 0 0 0-.742-1.054c-.33-.31-.748-.548-1.253-.714C11.246 4.083 10.669 4 10.009 4c-.539 0-1.028.062-1.468.186-.428.114-.802.28-1.121.497-.319.207-.588.45-.808.729-.21.28-.368.574-.478.884-.1.3-.143.61-.132.931h1.847a1.61 1.61 0 0 1 .264-.853c.164-.248.4-.445.709-.59.308-.145.687-.217 1.138-.217.637 0 1.148.16 1.533.481.396.31.594.755.594 1.334 0 .6-.214 1.066-.643 1.397-.418.33-1.072.496-1.963.496h-.775Zm-.165 4.034V15h2.227v-1.691H8.54Z"
                fill="#212121"
                fill-rule="evenodd"
                stroke="#212121"
                stroke-width="0.1"
              />
            </svg>
            <span
              class="flex border-b-2 mb-1 text-sm leading-5"
              style="border-bottom-width: 1px;"
            >
              Was hat das mit Kaffee zu tun?
            </span>
          </div>
        </button>
      </div>
      <div
        class="hidden md:flex"
      >
        <button
          data-testid="dialog-trigger"
        >
          <div
            class="flex mt-4"
          >
            <svg
              class="mr-2.5"
              height="20"
              viewBox="0 0 20 20"
              width="20"
            >
              <path
                clip-rule="evenodd"
                d="M10 18.8a8.8 8.8 0 1 1 0-17.6 8.8 8.8 0 0 1 0 17.6ZM0 10C0 4.477 4.477 0 10 0s10 4.477 10 10-4.477 10-10 10S0 15.523 0 10Zm8.706-.725v2.607h1.83v-1.35a4.686 4.686 0 0 0 1.749-.435 3.152 3.152 0 0 0 1.253-1.07c.308-.466.462-1.03.462-1.691 0-.476-.088-.916-.264-1.32a2.89 2.89 0 0 0-.742-1.054c-.33-.31-.748-.548-1.253-.714C11.246 4.083 10.669 4 10.009 4c-.539 0-1.028.062-1.468.186-.428.114-.802.28-1.121.497-.319.207-.588.45-.808.729-.21.28-.368.574-.478.884-.1.3-.143.61-.132.931h1.847a1.61 1.61 0 0 1 .264-.853c.164-.248.4-.445.709-.59.308-.145.687-.217 1.138-.217.637 0 1.148.16 1.533.481.396.31.594.755.594 1.334 0 .6-.214 1.066-.643 1.397-.418.33-1.072.496-1.963.496h-.775Zm-.165 4.034V15h2.227v-1.691H8.54Z"
                fill="#212121"
                fill-rule="evenodd"
                stroke="#212121"
                stroke-width="0.1"
              />
            </svg>
            <span
              class="flex border-b-2 mb-1 text-sm leading-5"
              style="border-bottom-width: 1px;"
            >
              Was hat das mit Kaffee zu tun?
            </span>
          </div>
        </button>
      </div>
    </div>
    <div
      class="relative flex w-full overflow-x-auto gap-x-10 snap-x xl:justify-center"
    >
      <div
        class="w-1/12 pr-12 -mx-2.5 h-80 relative shrink-0 snap-start scroll-auto"
      />
      <button
        class="w-64 h-80 mt-12 -top-4 relative cursor-pointer shrink-0 snap-center scroll-auto"
        data-testid="image-checkbox"
      >
        <div
          class="w-64 h-64 top-0 absolute rounded-full bg-brand-grey-whisper"
        />
        <img
          alt=""
          class="absolute -top-8"
          src="01-fruit-leicht.webp"
        />
        <div
          class="absolute h-32 text-center -bottom-4"
        >
          <div
            class=" font-syne font-normal text-2xl leading-8 font-semibold"
          >
            Weniger saure Birnen
          </div>
        </div>
      </button>
      <button
        class="w-64 h-80 mt-12 -top-4 relative cursor-pointer shrink-0 snap-center scroll-auto"
        data-testid="image-checkbox"
      >
        <div
          class="w-64 h-64 top-0 absolute rounded-full bg-brand-grey-whisper"
        />
        <img
          alt=""
          class="absolute -top-8"
          src="02-fruit-mittel.webp"
        />
        <div
          class="absolute h-32 text-center -bottom-4"
        >
          <div
            class=" font-syne font-normal text-2xl leading-8 font-semibold"
          >
            Ausgewogen saure Himbeeren
          </div>
        </div>
      </button>
      <button
        class="w-64 h-80 mt-12 -top-4 relative cursor-pointer shrink-0 snap-center scroll-auto"
        data-testid="image-checkbox"
      >
        <div
          class="w-64 h-64 top-0 absolute rounded-full bg-brand-grey-whisper"
        />
        <img
          alt=""
          class="absolute -top-8"
          src="03-fruit-hoch.webp"
        />
        <div
          class="absolute h-32 text-center -bottom-4"
        >
          <div
            class=" font-syne font-normal text-2xl leading-8 font-semibold"
          >
            Sehr saure Orangen
          </div>
        </div>
      </button>
      <div
        class="w-1/12 pl-12 -mx-2.5 h-80 relative shrink-0 snap-start scroll-auto"
      />
    </div>
  </div>
</div>
`;
