// Jest Snapshot v1, https://goo.gl/fbAQLP

exports[`App Renders correctly 1`] = `
<div>
  <main>
    <div
      class="h-screen flex items-center justify-center bg-grey-whisper"
    >
      <div
        class="font-syne text-4xl md:text-5xl xl:text-6xl"
      >
        <h1>
          <span>
            Famous
          </span>
           
          <span
            class="font-bold"
          >
            Roasters
          </span>
        </h1>
      </div>
    </div>
  </main>
</div>
`;
